<!-- info -->
<h1>Fa</h1>
<img src="./plugins/fa/fa.png" class="fa_logo" alt="Fort Awesome">
<p>Version: 1.3</p>
<p>
    Copyright 2017-2021 <a href="http://3-magi.net/" target="_blank">Christoph M.
    Becker</a>
</p>
<p>
    Powered by <a href="http://fontawesome.io" target="_blank">Font Awesome by
    Dave Gandy</a>.
</p>
<div style="clear:both"></div>
<div class="fa_syscheck">
    <h2>System check</h2>
    <p class="xh_fail">Checking that PHP version ≥ 7.1.0 … failure</p>
    <p class="xh_fail">Checking that CMSimple_XH version ≥ 1.7.0 … failure</p>
    <p class="xh_warning">Checking that “./plugins/fa/css/” is writable … warning</p>
    <p class="xh_warning">Checking that “./plugins/fa/config/” is writable … warning</p>
    <p class="xh_warning">Checking that “./plugins/fa/languages/” is writable … warning</p>
</div>
