<link rel="stylesheet" type="text/css" href="./css/font-awesome.min.css">